13:08:08 **** Incremental Build of configuration Debug for project Lab_2 ****
make -j4 all 
arm-none-eabi-gcc "../Core/Src/main.c" -mcpu=cortex-m3 -std=gnu11 -g3 -DDEBUG -DUSE_HAL_DRIVER -DSTM32F103x6 -c -I../Core/Inc -I../Drivers/STM32F1xx_HAL_Driver/Inc/Legacy -I../Drivers/STM32F1xx_HAL_Driver/Inc -I../Drivers/CMSIS/Device/ST/STM32F1xx/Include -I../Drivers/CMSIS/Include -O0 -ffunction-sections -fdata-sections -Wall -fstack-usage -fcyclomatic-complexity -MMD -MP -MF"Core/Src/main.d" -MT"Core/Src/main.o" --specs=nano.specs -mfloat-abi=soft -mthumb -o "Core/Src/main.o"
arm-none-eabi-gcc -o "Lab_2.elf" @"objects.list"   -mcpu=cortex-m3 -T"D:\231_semester\Microprocessor\Lab_2_demo\Lab_2\STM32F103C6UX_FLASH.ld" --specs=nosys.specs -Wl,-Map="Lab_2.map" -Wl,--gc-sections -static --specs=nano.specs -mfloat-abi=soft -mthumb -Wl,--start-group -lc -lm -Wl,--end-group
Finished building target: Lab_2.elf
 
arm-none-eabi-size   Lab_2.elf 
arm-none-eabi-objdump -h -S  Lab_2.elf  > "Lab_2.list"
arm-none-eabi-objcopy  -O ihex  Lab_2.elf  "Lab_2.hex"
arm-none-eabi-objcopy  -O binary  Lab_2.elf  "Lab_2.bin"
   text	   data	    bss	    dec	    hex	filename
   7344	     44	   1644	   9032	   2348	Lab_2.elf
Finished building: default.size.stdout
Finished building: Lab_2.bin
 
Finished building: Lab_2.hex
 
 
Finished building: Lab_2.list
 

13:08:10 Build Finished. 0 errors, 0 warnings. (took 1s.186ms)

